{
    "result": {
        "workspaceClass": "dev",
        "restrictedWorkspaceClasses": [],
        "restrictedEditorNames": [],
        "defaultEditorName": ""
    },
    "err": ""
}
