{
    "result": {
        "workspaceClass": "test",
        "restrictedWorkspaceClasses": [
            "g1",
            "g2"
        ],
        "restrictedEditorNames": [],
        "defaultEditorName": ""
    },
    "err": ""
}
